
########## s2-unregulated ##########
[arena] case=s2-unregulated  panel=5  cycles=1
   Scenario 2 — Binding regulation does not arrive
     ai-pressure                  decision-model v1 fd9d837
     lab-moves                    decision-model v1 08526a1
     ai-public-backlash           tracker        v1 4b2f10b
     ai-regulation-teeth          classifier     v1 f9c34d2
     ai-courts-decide             decision-model v1 4810a2d

  -- cycle 1 --
     r1 ai-pressure                grip=partial  conf=0.55
     r1 lab-moves                  grip=partial  conf=0.55
     r1 ai-public-backlash         grip=partial  conf=0.55
     r1 ai-regulation-teeth        grip=partial  conf=0.55
     r1 ai-courts-decide           grip=partial  conf=0.55
     r2 ai-pressure                REVISE   moved_by=lab-moves
     r2 lab-moves                  DEFEND   moved_by=None
     r2 ai-public-backlash         DEFEND   moved_by=None
     r2 ai-regulation-teeth        DEFEND   moved_by=None
     r2 ai-courts-decide           DEFEND   moved_by=None
     JUDGE  Export-control-driven compute constraints will be the only mechanism that visibly and ch
     judge flags shared assumption: ai-pressure and lab-moves both assume, without arguing it, that a lab's RSP/Prep
     disagreement: 5/5 distinct (ratio 1.00) · 1 revised · spread 0.20
     chain: verified · head db270a14d25c

  -> E:\New folder\MMR\arena\arena-s2-unregulated-2026-09-17\arena.json

########## s3-public-pressure ##########
[arena] case=s3-public-pressure  panel=5  cycles=1
   Scenario 3 — Public opinion becomes the binding constraint
     ai-pressure                  decision-model v1 fd9d837
     lab-moves                    decision-model v1 08526a1
     ai-public-backlash           tracker        v1 4b2f10b
     overton-tracker              tracker        v1 9b9c9a4
     ai-adoption-phases           timer          v1 e2061cf

  -- cycle 1 --
     r1 ai-pressure                grip=partial  conf=0.55
     r1 lab-moves                  grip=partial  conf=0.55
     r1 ai-public-backlash         grip=partial  conf=0.4
     r1 overton-tracker            grip=partial  conf=0.42
     r1 ai-adoption-phases         grip=partial  conf=0.4
     r2 ai-pressure                DEFEND   moved_by=None
     r2 lab-moves                  DEFEND   moved_by=None
     r2 ai-public-backlash         REVISE   moved_by=ai-pressure
     r2 overton-tracker            REVISE   moved_by=ai-public-backlash
     r2 ai-adoption-phases         DEFEND   moved_by=None
     JUDGE  Within 12-18 months of public opposition becoming politically binding, the concession wi
     judge flags shared assumption: All five minutes assume binding public opposition decomposes into a 'positioning
     disagreement: 5/5 distinct (ratio 1.00) · 2 revised · spread 0.20
     chain: verified · head b621d5537115

  -> E:\New folder\MMR\arena\arena-s3-public-pressure-2026-09-17\arena.json

########## s4-asi-emergence ##########
[arena] case=s4-asi-emergence  panel=5  cycles=1
   Scenario 4 — Self-improvement becomes measurable
     ai-pressure                  decision-model v1 fd9d837
     lab-moves                    decision-model v1 08526a1
     ai-public-backlash           tracker        v1 4b2f10b
     ai-rsi-timeline              forecaster     v1 9a1d00d
     ai-oversight-lag             loop-delay     v1 43f54e2

  -- cycle 1 --
     r1 ai-pressure                grip=partial  conf=0.55
     r1 lab-moves                  grip=strong   conf=0.62
     r1 ai-public-backlash         grip=partial  conf=0.55
     r1 ai-rsi-timeline            grip=partial  conf=0.55
     r1 ai-oversight-lag           grip=partial  conf=0.55
     r2 ai-pressure                REVISE   moved_by=ai-oversight-lag
     r2 lab-moves                  DEFEND   moved_by=None
     r2 ai-public-backlash         DEFEND   moved_by=None
     r2 ai-rsi-timeline            DEFEND   moved_by=None
     r2 ai-oversight-lag           DEFEND   moved_by=None
     JUDGE  By 2027-03-17 at least one frontier lab will publicly claim credit for a shipped capabil
     judge flags shared assumption: All five models assume 'frontier lab publicly attributes a capability increment 
     disagreement: 5/5 distinct (ratio 1.00) · 1 revised · spread 0.28
     chain: verified · head 0d4e9917528d

  -> E:\New folder\MMR\arena\arena-s4-asi-emergence-2026-09-17\arena.json

########## s5-major-incident ##########
